Connected to RFB server, using protocol version 3.8
No authentication needed
Authentication successful
Desktop name "EasyNote-TE11HC:0"
VNC server default format:
  32 bits per pixel.
  Least significant byte first in each pixel.
  True colour: max red 255 green 255 blue 255, shift red 16 green 8 blue 0
Using default colormap which is TrueColor.  Pixel format:
  32 bits per pixel.
  Least significant byte first in each pixel.
  True colour: max red 255 green 255 blue 255, shift red 16 green 8 blue 0
Same machine: preferring raw encoding
vncviewer: ConnectToTcpAddr: connect: Connection refused
Unable to connect to VNC server
vncviewer: ConnectToTcpAddr: connect: Connection refused
Unable to connect to VNC server
vncviewer: ConnectToTcpAddr: connect: Connection refused
Unable to connect to VNC server
vncviewer: ConnectToTcpAddr: connect: Connection refused
Unable to connect to VNC server
Connected to RFB server, using protocol version 3.8
Connected to RFB server, using protocol version 3.8
No authentication needed
No authentication needed
Authentication successful
Authentication successful
Desktop name "EasyNote-TE11HC:0"
Desktop name "EasyNote-TE11HC:0"
VNC server default format:
VNC server default format:
  32 bits per pixel.
  32 bits per pixel.
  Least significant byte first in each pixel.
  Least significant byte first in each pixel.
  True colour: max red 255 green 255 blue 255  True colour: max red 255 green 255 blue 255, shift red 16 green 8 blue 0
, shift red 16 green 8 blue 0
Using default colormap which is TrueColor.  Pixel format:
  32 bits per pixel.
Using default colormap which is TrueColor.  Pixel format:
  Least significant byte first in each pixel.
  32 bits per pixel.
  True colour: max red 255 green 255 blue 255  Least significant byte first in each pixel.
, shift red 16 green 8 blue 0
  True colour: max red 255 green 255 blue 255, shift red 16 green 8 blue 0
Same machine: preferring raw encoding
Same machine: preferring raw encoding
Connected to RFB server, using protocol version 3.8
Connected to RFB server, using protocol version 3.8
No authentication needed
No authentication needed
Authentication successful
Desktop name "EasyNote-TE11HC:0"
VNC server default format:
  32 bits per pixel.
Authentication successful
  Least significant byte first in each pixel.
  True colour: max red 255 green 255 blue 255, shift red 16 green 8 blue 0
Desktop name "EasyNote-TE11HC:0"
VNC server default format:
  32 bits per pixel.
  Least significant byte first in each pixel.
  True colour: max red 255 green 255 blue 255, shift red 16 green 8 blue 0
Using default colormap which is TrueColor.  Pixel format:
Using default colormap which is TrueColor.  Pixel format:
  32 bits per pixel.
  32 bits per pixel.
  Least significant byte first in each pixel.
  Least significant byte first in each pixel.
  True colour: max red 255 green 255 blue 255  True colour: max red 255 green 255 blue 255, shift red 16 green 8 blue 0
, shift red 16 green 8 blue 0
Same machine: preferring raw encoding
Same machine: preferring raw encoding
Connected to RFB server, using protocol version 3.8
Connected to RFB server, using protocol version 3.8
No authentication needed
No authentication needed
Authentication successful
Authentication successful
Desktop name "EasyNote-TE11HC:0"
VNC server default format:
  32 bits per pixel.
  Least significant byte first in each pixel.
  True colour: max red 255 green 255 blue 255, shift red 16 green 8 blue 0
Desktop name "EasyNote-TE11HC:0"
VNC server default format:
  32 bits per pixel.
  Least significant byte first in each pixel.
  True colour: max red 255 green 255 blue 255, shift red 16 green 8 blue 0
Using default colormap which is TrueColor.  Pixel format:
Using default colormap which is TrueColor.  Pixel format:
  32 bits per pixel.
  32 bits per pixel.
  Least significant byte first in each pixel.
  Least significant byte first in each pixel.
  True colour: max red 255 green 255 blue 255  True colour: max red 255 green 255 blue 255, shift red 16 green 8 blue 0
, shift red 16 green 8 blue 0
Same machine: preferring raw encoding
Same machine: preferring raw encoding
Connected to RFB server, using protocol version 3.8
Connected to RFB server, using protocol version 3.8
No authentication needed
No authentication needed
Authentication successful
Authentication successful
Desktop name "EasyNote-TE11HC:0"
VNC server default format:
  32 bits per pixel.
  Least significant byte first in each pixel.
  True colour: max red 255 green 255 blue 255, shift red 16 green 8 blue 0
Desktop name "EasyNote-TE11HC:0"
VNC server default format:
  32 bits per pixel.
  Least significant byte first in each pixel.
  True colour: max red 255 green 255 blue 255, shift red 16 green 8 blue 0
Using default colormap which is TrueColor.  Pixel format:
  32 bits per pixel.
  Least significant byte first in each pixel.
  True colour: max red 255 green 255 blue 255, shift red 16 green 8 blue 0
Using default colormap which is TrueColor.  Pixel format:
  32 bits per pixel.
  Least significant byte first in each pixel.
  True colour: max red 255 green 255 blue 255, shift red 16 green 8 blue 0
Same machine: preferring raw encoding
Same machine: preferring raw encoding
